
> app@0.1.0 build
> next build

node.exe : ΓÜá Warning: Next.js inferred your workspace root, but it 
may not be correct.
Au caractère C:\Program Files\nodejs\npm.ps1:29 : 3
+   & $NODE_EXE $NPM_CLI_JS $args
+   ~~~~~~~~~~~~~~~~~~~~~~~~~~~~~
    + CategoryInfo          : NotSpecified: (ΓÜá Warning: Ne...not b 
   e correct.:String) [], RemoteException
    + FullyQualifiedErrorId : NativeCommandError
 
 We detected multiple lockfiles and selected the directory of 
C:\Users\Sami\package-lock.json as the root directory.
 To silence this warning, set `turbopack.root` in your Next.js 
config, or consider removing one of the lockfiles if it's not needed.
   See https://nextjs.org/docs/app/api-reference/config/next-config-j
s/turbopack#root-directory for more information.
 Detected additional lockfiles: 
   * C:\Users\Sami\.gemini\antigravity\scratch\saas_delivery\app\pack
age-lock.json

Γû▓ Next.js 16.1.6 (Turbopack)
- Environments: .env

ΓÜá The "middleware" file convention is deprecated. Please use 
"proxy" instead. Learn more: 
https://nextjs.org/docs/messages/middleware-to-proxy
  Creating an optimized production build ...
Γ£ô Compiled successfully in 5.8s
  Running TypeScript ...
Failed to compile.

./src/components/forms/CreateRunForm.tsx:40:27
Type error: Property 'error' does not exist on type '{ success: 
boolean; runId: string; }'.

[0m [90m 38 |[39m           router[33m.[39mpush([32m`/dispatch/
runs/${result.runId}`[39m)[33m;[39m
 [90m 39 |[39m         } [36melse[39m {
[31m[1m>[22m[39m[90m 40 |[39m           
setError(result[33m.[39merror [33m||[39m [32m"Erreur lors de la 
cr├⌐ation."[39m)[33m;[39m
 [90m    |[39m                           [31m[1m^[22m[39m
 [90m 41 |[39m         }
 [90m 42 |[39m       } [36mcatch[39m (err[33m:[39m any) {
 [90m 43 |[39m         setError(err[33m.[39mmessage [33m||[39m 
[32m"Erreur inattendue."[39m)[33m;[39m[0m
Next.js build worker exited with code: 1 and signal: null
