
> app@0.1.0 build
> next build

node.exe : ΓÜá Warning: Next.js inferred your workspace root, 
but it may not be correct.
Au caractère C:\Program Files\nodejs\npm.ps1:29 : 3
+   & $NODE_EXE $NPM_CLI_JS $args
+   ~~~~~~~~~~~~~~~~~~~~~~~~~~~~~
    + CategoryInfo          : NotSpecified: (ΓÜá Warning: Ne... 
   not be correct.:String) [], RemoteException
    + FullyQualifiedErrorId : NativeCommandError
 
 We detected multiple lockfiles and selected the directory of 
C:\Users\Sami\package-lock.json as the root directory.
 To silence this warning, set `turbopack.root` in your Next.js 
config, or consider removing one of the lockfiles if it's not 
needed.
   See https://nextjs.org/docs/app/api-reference/config/next-con
fig-js/turbopack#root-directory for more information.
 Detected additional lockfiles: 
   * C:\Users\Sami\.gemini\antigravity\scratch\saas_delivery\app
\package-lock.json

Γû▓ Next.js 16.1.6 (Turbopack)
- Environments: .env

ΓÜá The "middleware" file convention is deprecated. Please use 
"proxy" instead. Learn more: 
https://nextjs.org/docs/messages/middleware-to-proxy
  Creating an optimized production build ...
Γ£ô Compiled successfully in 6.0s
  Running TypeScript ...
  Collecting page data using 7 workers ...
  Generating static pages using 7 workers (0/5) ...
Γ¿» useSearchParams() should be wrapped in a suspense boundary 
at page "/login". Read more: https://nextjs.org/docs/messages/mi
ssing-suspense-with-csr-bailout
    at Q (C:\Users\Sami\.gemini\antigravity\scratch\saas_deliver
y\app\.next\server\chunks\ssr\668d2_next_bd40afa8._.js:2:2111)
    at o (C:\Users\Sami\.gemini\antigravity\scratch\saas_deliver
y\app\.next\server\chunks\ssr\668d2_next_bd40afa8._.js:4:5284)
    at j (C:\Users\Sami\.gemini\antigravity\scratch\saas_deliver
y\app\.next\server\chunks\ssr\[root-of-the-server]__9d75eb6c._.j
s:1:3554)
    at an (C:\Users\Sami\.gemini\antigravity\scratch\saas_delive
ry\app\node_modules\next\dist\compiled\next-server\app-page-turb
o.runtime.prod.js:2:84360)
    at ai (C:\Users\Sami\.gemini\antigravity\scratch\saas_delive
ry\app\node_modules\next\dist\compiled\next-server\app-page-turb
o.runtime.prod.js:2:86179)
    at al (C:\Users\Sami\.gemini\antigravity\scratch\saas_delive
ry\app\node_modules\next\dist\compiled\next-server\app-page-turb
o.runtime.prod.js:2:107953)
    at as (C:\Users\Sami\.gemini\antigravity\scratch\saas_delive
ry\app\node_modules\next\dist\compiled\next-server\app-page-turb
o.runtime.prod.js:2:105368)
    at aa (C:\Users\Sami\.gemini\antigravity\scratch\saas_delive
ry\app\node_modules\next\dist\compiled\next-server\app-page-turb
o.runtime.prod.js:2:84712)
    at ai (C:\Users\Sami\.gemini\antigravity\scratch\saas_delive
ry\app\node_modules\next\dist\compiled\next-server\app-page-turb
o.runtime.prod.js:2:86228)
    at ai (C:\Users\Sami\.gemini\antigravity\scratch\saas_delive
ry\app\node_modules\next\dist\compiled\next-server\app-page-turb
o.runtime.prod.js:2:104708)
Error occurred prerendering page "/login". Read more: 
https://nextjs.org/docs/messages/prerender-error
Export encountered an error on /login/page: /login, exiting the 
build.
Γ¿» Next.js build worker exited with code: 1 and signal: null
